Thu Feb 29 21:52:04 PST 2024: Received inputOne: test and inputTwo: test2
Thu Feb 29 21:56:43 PST 2024: Received inputOne: test and inputTwo: test2
